// Jest Snapshot v1, https://goo.gl/fbAQLP

exports[`tests task 3 GraphQL server should return all the speakers with talks. 1`] = `
Object {
  "data": Object {
    "speakers": Array [
      Object {
        "talks": Array [
          Object {
            "date": "Aug 3 - 10:30",
            "duration": 50,
            "id": "1",
            "speakerId": "1",
            "talkTitle": "JavaScript: clouds on the horizon",
            "talkType": "keynote",
          },
        ],
      },
      Object {
        "talks": Array [
          Object {
            "date": "Aug 3 - 11:20",
            "duration": 40,
            "id": "2",
            "speakerId": "2",
            "talkTitle": "Custom RxJS operators",
            "talkType": "talk",
          },
        ],
      },
      Object {
        "talks": Array [
          Object {
            "date": "Aug 3 - 12:30",
            "duration": 40,
            "id": "3",
            "speakerId": "3",
            "talkTitle": "From code to pixels in a Blink",
            "talkType": "talk",
          },
        ],
      },
      Object {
        "talks": Array [
          Object {
            "date": "Aug 3 - 13:10",
            "duration": 50,
            "id": "4",
            "speakerId": "4",
            "talkTitle": "Vue + GraphQL",
            "talkType": "talk",
          },
        ],
      },
      Object {
        "talks": Array [
          Object {
            "date": "Aug 3 - 15:20",
            "duration": 10,
            "id": "5",
            "speakerId": "5",
            "talkTitle": "React with Blackjack and Hooks",
            "talkType": "lightning",
          },
          Object {
            "date": "Aug 4 - 14: 30",
            "duration": 90,
            "id": "14",
            "speakerId": "5",
            "talkTitle": "React with Blackjack and Hooks",
            "talkType": "workshop",
          },
        ],
      },
      Object {
        "talks": Array [
          Object {
            "date": "Aug 3 - 15:30",
            "duration": 10,
            "id": "6",
            "speakerId": "6",
            "talkTitle": "Accessibility through the eyes of users",
            "talkType": "lightning",
          },
        ],
      },
      Object {
        "talks": Array [
          Object {
            "date": "Aug 3 - 15:40",
            "duration": 10,
            "id": "7",
            "speakerId": "7",
            "talkTitle": "Tensorflow in Action",
            "talkType": "lightning",
          },
        ],
      },
      Object {
        "talks": Array [
          Object {
            "date": "Aug 3 - 15:50",
            "duration": 10,
            "id": "8",
            "speakerId": "8",
            "talkTitle": "Language Independent Validation Rules 2.0",
            "talkType": "lightning",
          },
        ],
      },
      Object {
        "talks": Array [
          Object {
            "date": "Aug 3 - 16:00",
            "duration": 10,
            "id": "9",
            "speakerId": "9",
            "talkTitle": "Reactive programming. Svelte way",
            "talkType": "lightning",
          },
          Object {
            "date": "Aug 4 - 17:00",
            "duration": 90,
            "id": "15",
            "speakerId": "9",
            "talkTitle": "Reactive programming. Svelte way",
            "talkType": "workshop",
          },
        ],
      },
      Object {
        "talks": Array [
          Object {
            "date": "Aug 3 - 16:10",
            "duration": 10,
            "id": "10",
            "speakerId": "10",
            "talkTitle": "ML + AR in js (to be or not to be)",
            "talkType": "lightning",
          },
        ],
      },
      Object {
        "talks": Array [
          Object {
            "date": "Aug 3 - 16:50",
            "duration": 40,
            "id": "11",
            "speakerId": "11",
            "talkTitle": "Fast future with WebAssembly",
            "talkType": "talk",
          },
        ],
      },
      Object {
        "talks": Array [
          Object {
            "date": "Aug 3 - 17:30",
            "duration": 40,
            "id": "12",
            "speakerId": "12",
            "talkTitle": "A universal fusion of the team",
            "talkType": "keynote",
          },
        ],
      },
      Object {
        "talks": Array [
          Object {
            "date": "Aug 4 - 11:00",
            "duration": 150,
            "id": "13",
            "speakerId": "13",
            "talkTitle": "Building GraphQL Server with JS",
            "talkType": "workshop",
          },
        ],
      },
    ],
  },
}
`;
